// Jest Snapshot v1, https://goo.gl/fbAQLP

exports[`DetailPaper renders unchanged 1`] = `
<div>
  <div
    class="paper"
  >
    Detail
  </div>
</div>
`;
