// Jest Snapshot v1, https://goo.gl/fbAQLP

exports[`SummaryPaper renders unchanged 1`] = `
<div>
  <div
    class="paper"
  >
    Summary
  </div>
</div>
`;
